// Jest Snapshot v1, https://goo.gl/fbAQLP

exports[`renders correctly 1`] = `
<View
  style={
    Object {
      "alignItems": "center",
      "backgroundColor": "white",
      "flex": 1,
      "justifyContent": "flex-start",
    }
  }
>
  <Text
    accessible={true}
    allowFontScaling={true}
    ellipsizeMode="tail"
    style={
      Object {
        "marginBottom": 5,
        "marginTop": 10,
      }
    }
  >
    Name:
  </Text>
  <TextInput
    allowFontScaling={true}
    autoCorrect={false}
    onChangeText={[Function]}
    placeholder="Name"
    style={
      Array [
        Object {
          "borderColor": "#606060",
          "borderRadius": 5,
          "borderWidth": 1,
          "padding": 5,
          "width": "80%",
        },
        Object {
          "marginBottom": 10,
          "marginTop": 5,
        },
      ]
    }
    underlineColorAndroid="transparent"
    value=""
  />
  <Text
    accessible={true}
    allowFontScaling={true}
    ellipsizeMode="tail"
    style={
      Object {
        "marginBottom": 5,
        "marginTop": 10,
      }
    }
  >
    Description:
  </Text>
  <TextInput
    allowFontScaling={true}
    autoCorrect={false}
    multiline={true}
    numberOfLines={5}
    onChangeText={[Function]}
    placeholder="Enter description..."
    style={
      Array [
        Object {
          "borderColor": "#606060",
          "borderRadius": 5,
          "borderWidth": 1,
          "padding": 5,
          "width": "80%",
        },
        Object {
          "marginBottom": 10,
          "marginTop": 5,
        },
      ]
    }
    textAlignVertical="top"
    underlineColorAndroid="transparent"
    value=""
  />
  <View
    accessibilityComponentType="button"
    accessibilityTraits={
      Array [
        "button",
      ]
    }
    accessible={true}
    isTVSelectable={true}
    onResponderGrant={[Function]}
    onResponderMove={[Function]}
    onResponderRelease={[Function]}
    onResponderTerminate={[Function]}
    onResponderTerminationRequest={[Function]}
    onStartShouldSetResponder={[Function]}
    style={
      Object {
        "opacity": 1,
      }
    }
  >
    <View
      style={
        Array [
          Object {},
        ]
      }
    >
      <Text
        accessible={true}
        allowFontScaling={true}
        ellipsizeMode="tail"
        style={
          Array [
            Object {
              "color": "#007AFF",
              "fontSize": 18,
              "padding": 8,
              "textAlign": "center",
            },
            Object {
              "color": "green",
            },
          ]
        }
      >
        Save event
      </Text>
    </View>
  </View>
  <View
    style={
      Object {
        "margin": 10,
      }
    }
  />
  <View
    accessibilityComponentType="button"
    accessibilityTraits={
      Array [
        "button",
      ]
    }
    accessible={true}
    isTVSelectable={true}
    onResponderGrant={[Function]}
    onResponderMove={[Function]}
    onResponderRelease={[Function]}
    onResponderTerminate={[Function]}
    onResponderTerminationRequest={[Function]}
    onStartShouldSetResponder={[Function]}
    style={
      Object {
        "opacity": 1,
      }
    }
  >
    <View
      style={
        Array [
          Object {},
        ]
      }
    >
      <Text
        accessible={true}
        allowFontScaling={true}
        ellipsizeMode="tail"
        style={
          Array [
            Object {
              "color": "#007AFF",
              "fontSize": 18,
              "padding": 8,
              "textAlign": "center",
            },
            Object {
              "color": "green",
            },
          ]
        }
      >
        Delete event
      </Text>
    </View>
  </View>
</View>
`;
